   1   62   98  515  536  540  615  855 1358 1560
1671 1782 2111 2647 2726 2772 3035 3363 3642 3662
3842 4080 4319 4513 4523 4612 4990 5012 5318 5385
5752 6067 6353 6495 6527 6611 6743 6755 7662 7667
7717 8064 8200 8854 9814 9953 9999